:root chapter :mod 4
:root cause-01 :arg0 i :arg1 learn-01 :arg1 fact :ord ordinal-entity :mod important/great :domain large/more :mod any/scarce :compared-to house :domain planet :mod little :arg1 prince :arg3-of come-01
:root contrast-01 :arg0 that :polarity - :arg2 surprise-01/much :arg1 i :arg1-of real-04
:arg0 i :root know-01 :op1 planet :mod great :example planet/name :example planet/name :example planet/name :example planet/name :arg1-of name-01 :arg0 we :arg1 and :op2 planet :arg1 planet :arg2-of include-91 :mod also :quant multiple :op1 100 :mod other :arg1 exist-01 :mod well/very
:root give-01 :arg0 astronomer :arg1 number :quant 1 :arg2 thing :arg1-of include-91 :arg2 this :mod only :arg0 astronomer :arg1 thing :time discover-01 :arg0 astronomer :arg2 name-01 :arg1 thing :arg1-of instead-of-91
:root possible-01 :arg1 call-01 :arg0 he :arg1 it :arg2 name/asteroid/325 :arg0-of exemplify-01
:arg0 reason :arg1-of serious-02 :root cause-01 :arg0 i :arg1 believe-01 :mod little :arg1 prince :arg1 come-01 :domain planet :arg3 asteroid/name
:root see-01 :mod this :arg1 asteroid :instrument telescope :arg1-of have-frequency-91 :mod only :arg2 1
:mod country/name :arg0 astronomer :root see-01 :time date-entity
-
:root contrast-01 :arg2 costume-01 :arg1 he :manner country/name :arg0-of cause-01 :polarity - :arg0 somebody :arg1 believe-01 :arg1 thing :arg0 he :arg1-of say-01
:arg1 grown-up :root resemble-01 :arg2 that
:root contrast-01 :arg2 make-01 :arg1 country/name :arg0 person/have-org-role-91 :arg2 dictator :arg1 law :topic change-01 :poss person :arg0 subject :mod continent/name :arg3 costume :arg0 dictator :manner threaten-01 :arg1 penalize-01 :arg1 subject :topic die-01 :arg1 subject :arg2 subject :arg2-of fortunate-01 :poss planet/name :arg1 reputation
:root cause-01 :arg1 demonstrate-01 :arg0 astronomer :arg1-of dress-01 :arg2 and :op1 style :op2 elegance :arg0-of impress-01 :time date-entity :mod all-over :mod again
:root and :mod this :time time :arg0 everybody :op2 accept-01 :arg1 thing :arg1-of report-01 :arg0 he
-
:root question-01 :polarity - :arg0 they :arg1 matter :mod essential :arg2 you :arg0 you :time tell-01 :arg2 they :arg1 make-01/have-rel-role-91 :arg0 person :arg1 you :arg2 friend :arg1-of new-01 :arg0 you :time ever :mod any
:root say-01 :arg0 they :poss he :arg1 voice :arg1 sound-01 :arg2 amr-unknown :arg2 you :time ever :polarity -
:arg0 he :root love-01 :degree good/most :domain game :arg1 amr-unknown
:arg0 he :root collect-01 :mode interrogative :arg1 butterfly
:arg0 they :root demand-01 :arg1 he :arg1 age-01 :arg2 amr-unknown :arg1-of instead-of-91
:arg0 person :quant amr-unknown :root have-rel-role-91 :arg1 he :arg2 brother
:arg1 he :root weigh-01 :arg3 amr-unknown
:arg1 he :arg0 person/have-rel-role-91 :arg2 father :root make-05 :arg1 monetary-quantity
:arg0 they :root think-01 :arg0 they :arg1 learn-01 :arg1 anything :topic he :mod only :mod this :source figure
-
-
:arg0 they :root exclaim-01 :domain house :mod that :arg1 pretty :time then
:root possible-01 :arg0 you :arg1 say-01 :arg2 they :manner just-so :arg0 and :domain he :op1 charming :arg0 he :op2 laugh-01 :arg0 he :op3 look-01 :arg1 sheep :arg1 prove-01 :mod little :arg1 prince :arg1 exist-01
:arg0 anybody :arg0 want-01 :arg1 sheep :root prove-01 :arg1 anybody :arg1 exist-01
:root and :arg0 tell-01 :arg2 they :arg1 that :op2 do-02 :arg1 good-04 :arg2 they :quant amr-unknown
:arg0 they :op1 shrug-01 :poss they :arg1 shoulder :root and :arg0 they :op2 treat-01 :arg1 you :arg2 child
-
:arg1 they :root resemble-01 :arg2 that
:arg1 one :root obligate-01 :polarity - :arg2 hold-01 :arg0 one :arg1 it :arg2 against :op1 they
:root recommend-01 :mod great :arg1 forbearance :arg0 child :arg1 show-01 :arg2 grown-up :time always
:root contrast-01 :arg2 certain :arg1 we :arg0-of understand-01 :arg1 life :domain indifferent-01 :arg2 figure
:arg0 i :root like-02 :arg0 i :arg1 begin-01 :mod this :arg1 story :mod fairy :mod tale :manner fashion
:arg0 i :root like-02 :arg1 prince :mod little :arg0-of need-01 :arg1 sheep :arg0-of live-01 :mod big/more :compared-to prince :quant scarce :location planet :time once-upon-a-time :arg1 say-01 :arg0 i
:root give-01 :arg0 that :mod great :degree more/much :quant air :arg1 truth :poss i :arg2 story :beneficiary person :arg0-of understand-01 :arg1 life
:root cause-01 :arg0 i :polarity - :arg0 want-01 :arg0 anyone :arg1 read-01 :poss i :arg1 book :manner careless
:arg0 i :time set-down-09 :mod this :arg1 memory :arg0 i :root suffer-01 :quant much/too :arg1 grief
:root go-02 :arg1 i :arg0 person/have-rel-role-91 :arg2 friend :direction away :op1 i :poss person :accompanier sheep :quant temporal-quantity :op1 now :time before :time already
-
:arg0 forget-01 :arg1 person/have-rel-role-91 :arg2 friend :root sad-02
:arg0 everyone :root have-03 :polarity - :arg1 everyone :arg1 person/have-rel-role-91 :arg2 friend
:root and :arg0 i :condition forget-01 :arg1 he :op2 possible-01 :arg1 i :arg1 resemble-01 :arg2 grown-up :polarity - :arg1-of interest-01 :arg2-of except-01 :arg1 figure :arg2 anything
:arg0 i :root buy-01 :op1 paint :location box :arg1 and :quant some :op2 pencil :purpose that
:arg0 i :polarity - :time ever :time since :arg1 i :op1 age-01 :arg2 temporal-quantity :age temporal-quantity :arg1 picture :arg2-of except-01 :op1 picture :mod constrictor :topic boa :direction from :op1 inside :arg1 and :op2 picture :mod constrictor :topic boa :direction from :op1 inside :mod any :arg1 take-up-31 :arg1 draw-01 :mod again :root hard-02 :arg1-of cause-01
:arg0 i :root try-01 :arg0 i :arg1 make-02 :arg1 true-02/most :arg1 portrait :topic i :arg2 life :compared-to possible-01 :mod certain
:root contrast-01 :arg2 sure-02/at :op1 all :polarity - :arg0 i :arg1-of succeed-01 :arg0 i
:quant 1 :arg1 picture :arg1-of draw-01 :op1 go-06 :mod all-right :arg2 along :root and :quant 1 :arg1 picture :arg1-of draw-01 :polarity - :op2 resemble-01 :poss picture :arg2 subject
:root err-01 :arg0 i :topic high-02 :mod little :arg1 prince :mod too :domain prince :op1 tall/too :mod one :location place :example and :mod little :arg1 prince :op2 short-07/too :mod one :location place :mod some
:root and :arg0 i :op2 feel-01 :arg0 i :quant some :arg1 doubt-01 :poss he :poss costume :arg1 color
:root cause-01 :arg0 i :arg1 fumble-01 :arg1 along :manner good-03/most :example bad-02 :time now :example good-03 :time now :example fair-04 :arg1-of general-02 :arg1-of hope-01 :arg0 i :prep-to middling :compared-to possible-01
:arg0 i :root mistake-02 :mod important/more :mod certain :arg1 detail :mod also
:root contrast-01 :arg1 i :polarity - :arg2 fault-01 :mod that :arg2 something
-
:arg0 he :root think-01 :arg1 i :arg1 resemble-01 :arg2 he :mod perhaps
:mod alas :root contrast-01 :arg0 i :polarity - :arg2 know-01 :arg1 thing :manner-of see-01 :arg1 sheep :path through :consist-of box :op1 wall
:root resemble-01 :arg1 i :arg2 grown-up :mod perhaps :quant little
:arg1 i :root obligate-01 :arg1 i :arg2 grow-02 :arg2 old
:root chapter :mod 5
:root learn-01 :arg0 i :arg1 and :op1 something :mod little :poss prince :topic planet :arg0 prince :op2 depart-01 :arg1 planet :op3 journey-01 :arg0 prince :time pass-03 :mod each :arg1 day :arg0 we :source talk-01
:arg1 information :time fall-01 :arg1 information :arg3 thing :arg0 he :arg1-of think-01 :arg1-of chance-01 :root come-01 :arg1-of slow-05/very
:poss baobab :arg1 catastrophe :root hear-01 :arg0 i :manner this :ord ordinal-entity :time day
:root obligate-01 :arg0 i :arg2 thank-01 :arg1 sheep :arg2 it :mod this :time time :frequency 1 :mod again
-
:arg1 that :root true-01
:root ah :mode expressive
:root glad-02 :arg1 i
:arg0 i :polarity - :root understand-01 :domain recommend-01 :arg0 sheep :arg1 eat-01 :mod little :arg1 bush :mod so :arg1 important :arg1-of cause-01 :arg0 amr-unknown
:root contrast-01 :mod little :arg0 prince :arg1 add-01 :arg1 follow-05 :mode interrogative :arg0 they :arg1 eat-01 :arg1 baobab :mod also :arg1-of have-condition-91
-
:arg0 idea :consist-of elephant :topic herd :root make-02 :mod little :arg0 prince :arg1 laugh-01
:arg1 obligate-01 :arg0 we :arg2 stack-01 :arg1 they :root say-01 :arg0 he
:root contrast-01 :arg0 he :arg2 comment-01 :time before :arg1 baobab :op1 grow-02 :arg2 big/so :arg0 baobab :arg1 start-out-05 :arg2 little :manner wise
:mod strict :root correct-02 :arg1 that
:arg0 i :root say-01
:root contrast-01 :arg0 amr-unknown :arg2 cause-01 :arg0 you :arg1 want-01 :arg0 sheep :arg1 eat-01 :mod little :arg1 baobab
:root answer-01 :arg0 he :arg1 i :arg2 come-on-25 :time immediate :arg0 he :conj-as-if speak-01 :arg1 something
:root and :op1 oblige-02 :arg2 effort-01 :arg0 i :arg1 solve-01 :arg0 i :mod this :arg1 problem :polarity - :arg2-of assist-01 :arg1 i :manner mental :mod great
:root be-located-at-91 :arg1 and :op1 plant :arg1-of good-02 :op2 plant :arg1-of bad-07 :mod indeed :op1 planet :location-of live-01 :mod little :arg0 prince :arg2 and :mod all :op2 planet :arg1-of learn-01 :arg0 i
:root and :op1 seed :arg1-of good-02 :source plant :arg1-of bad-07 :op2 seed :arg1-of bad-07 :source plant :arg1-of bad-07 :arg1-of cause-01
:root contrast-01 :arg2 possible-01 :polarity - :arg1 see-01 :arg1 seed
:time until :arg0 desire-01 :arg1 wake-01 :arg1 sleep-01 :op1 seize-01 :arg1 someone :arg1-of include-91 :arg2 they :arg0 they :root sleep-01 :location heart :arg2-of deep-02 :poss earth :part-of darkness
:time then :arg0 seed :op1 stretch-01 :arg1 seed :root and :arg0 seed :op2 begin-01 :arg0 seed :arg1 push-01 :arg2 upward :direction sun :polarity - :manner offensive :mod little :arg1 sprig :arg0-of charm-01 :manner timid :time at-first
-
-
:time now :arg1 seed :arg1-of terrible-01 :quant some :poss baobab :root be-located-at-91 :arg2 planet :mod little :poss prince :location-of home
:mod that :poss planet :arg1 soil :root infest-01 :arg2 they
:root possible-01 :polarity - :time ever :arg0 you :arg1 eliminate-01 :arg1 baobab :time late/too :arg0 you :condition attend-02 :arg1 baobab
:arg1 it :root spread-01 :mod entire :arg2 planet
:root bore-01 :arg0 it :mod clear-03 :arg2 through :op1 it :poss it :arg3 root
-
:arg1 question :topic discipline :domain it :mod little :arg0 prince :root say-01 :arg2 i :time late/more
-
-
:mod little :arg0 prince :root add-01 :domain work-01 :arg1 tedious/very :arg1 contrast-01 :arg2 easy-05/very :arg1 work-01
-
:arg0 they :condition travel-01 :mod some :time day :arg0 they :root useful-05/very :arg1 that
:arg0 he :root add-01 :quant piece :arg1 thing :arg1-of work-01 :arg0 put-off-06 :mod another :arg2 day :polarity - :time sometimes :arg1 harm-01
:root contrast-01 :arg2 mean-01 :arg1 that :arg2 catastrophe :time always :condition baobab
:arg0 i :root know-02 :arg1 planet :arg1-of inhabit-01 :mod lazy :arg0 man
:arg0 he :root neglect-01 :quant 3 :mod little :arg1 bush
:root draw-01 :arg0 i :arg1 planet :manner describe-01 :mod little :arg0 prince :arg1 planet :beneficiary i :arg1-of cause-01
:arg0 i :polarity - :root like-01/much :arg0 i :arg1 take-01 :poss moralist :arg1 tone
:root contrast-01 :poss baobab :arg1 danger :degree little/so :op1 understand-01 :arg0 and :arg0 anyone :location asteroid :arg1-of lose-02 :arg1-of possible-01 :op2 risk-01/considerable :mod such :arg2 cause-01 :arg0 i :arg1 break-away-14 :poss i :arg1 reserve :mod for-once
:root child
:arg0 you :arg1 watch-out-02 :mode imperative :arg1 baobab :root say-01 :arg0 i :manner plain
:arg0 skirt-02 :arg1 i :op1 person/have-rel-role-91 :arg2 friend :arg0 and :op2 i :mod this :arg1 danger :arg0 person :polarity - :time ever :arg1-of know-01 :arg1-of long-03 :root cause-01 :arg1 work-01 :arg0 i :mod this :arg1 picture :arg1-of draw-01 :arg1-of hard-02/so :beneficiary person
:arg1 lesson :arg0 i :arg1-of pass-on-09 :manner this :root worth-02 :arg2 trouble :arg1 lesson :arg0 i :arg1-of pass-on-09 :manner this :arg2-of cost-01 :arg3 i :mod all
:root possible-01 :arg0 you :arg1 ask-01 :arg1 picture :polarity - :arg1-of draw-01 :mod magnificent/equal :compared-to picture :arg1-of draw-01 :mod this :topic baobab :mod this :location book :mod other :arg0-of impress-01/equal :compared-to picture :arg1-of draw-01 :mod this :topic baobab :arg0-of cause-01 :arg1 amr-unknown :arg2 i
:root simple-02 :arg2-of reply-01 :arg1 thing
:root try-01 :arg0 i
:root contrast-01 :arg0 i :polarity - :arg2 succeed-01 :arg1 other
:root carry-01 :mod urgent :arg0 necessity :arg0 force-01 :arg0-of inspire-01 :arg1 i :destination beyond :op1 i :arg0 i :time draw-01 :arg1 baobab
:root chapter :mod 6
:mod little :root prince
:arg0 i :root understand-01 :poss you :mod little :poss life :arg1-of sad-02 :arg1 secret :manner bit-by-bit
:arg0 you :root find-01 :arg0 you :arg0 look-01 :arg1 sunset :mod pleasure :arg1-of quiet-04 :arg1 entertain-01 :arg1 you :mod only :arg1-of long-03
:time date-entity :ord ordinal-entity :arg0 you :arg1 like-01/very :arg1 sunset :arg0 you :time say-01 :arg2 i :arg0 i :root learn-01 :mod that :arg1 detail :arg1-of new-01
-
:root contrast-01 :arg2 obligate-01 :arg2 wait-01 :arg1 we
:arg0 i :root say-01
:root wait-01 :mode interrogative
:root wait-01 :arg2 amr-unknown
:root wait-01 :arg2 sunset
:root obligate-01 :duration until :op1 time :arg2 wait-01 :arg1 we
:time at-first :root seem-01 :arg1 you :degree much/very :arg1 surprise-01
:root and :time then :arg0 you :op1 laugh-01 :arg2 you
:time always :arg0 you :arg1 think-01 :arg1 be-located-at-91 :arg1 you :arg2 home :arg0 you :root say-01 :arg2 i
:mod just :root so
:arg0 everybody :root know-01 :arg1 sun :time date-entity :location country/name :arg1 set-11 :location country/name
-
:polarity - :root fortunate-01 :arg2 be-located-at-91 :arg1 country/name :arg2 away :extent far/too :purpose that
-
:root possible-01 :arg1 see-01
:arg1 see-01 :frequency 44 :arg0 you :arg1 sunset :mod one :time day :arg0 you :root say-01 :arg2 i
:root and :quant little :time late/more :arg0 you :op1 add-01 :arg0 one :arg1 love-01 :mod so :time sad-02 :arg1 one :arg1 sunset
:root sad-02/so :mode interrogative :arg1 you :time then
:arg1 be-temporally-at-91 :arg2 day :arg0-of have-03 :quant 44 :arg1 sunset :mode interrogative :root ask-01 :arg0 i
:root contrast-01 :mod little :arg0 prince :polarity - :arg2 reply-01
